2026-01-04 10:42:28.463 [main] INFO  com.fan.fanbook.auth.FanBookAuthApplication - Starting FanBookAuthApplication using Java 17.0.17 with PID 6472 (C:\Users\17355\Desktop\ai_p\Practice_HF\FanBook\FanBook-auth\target\classes started by 17355 in C:\Users\17355\Desktop\ai_p\Practice_HF\FanBook)
2026-01-04 10:42:28.464 [main] INFO  com.fan.fanbook.auth.FanBookAuthApplication - The following 1 profile is active: "dev"
2026-01-04 10:42:29.152 [main] INFO  o.s.boot.web.embedded.tomcat.TomcatWebServer - Tomcat initialized with port(s): 8080 (http)
2026-01-04 10:42:29.159 [main] INFO  org.apache.catalina.core.StandardService - Starting service [Tomcat]
2026-01-04 10:42:29.159 [main] INFO  org.apache.catalina.core.StandardEngine - Starting Servlet engine: [Apache Tomcat/10.1.5]
2026-01-04 10:42:29.204 [main] INFO  o.a.c.core.ContainerBase.[Tomcat].[localhost].[/] - Initializing Spring embedded WebApplicationContext
2026-01-04 10:42:29.205 [main] INFO  o.s.b.w.s.c.ServletWebServerApplicationContext - Root WebApplicationContext: initialization completed in 714 ms
2026-01-04 10:42:29.420 [main] INFO  c.a.d.s.b.a.DruidDataSourceAutoConfigure - Init DruidDataSource
2026-01-04 10:42:29.607 [main] INFO  com.alibaba.druid.pool.DruidDataSource - {dataSource-1} inited
2026-01-04 10:42:29.794 [main] INFO  o.s.boot.web.embedded.tomcat.TomcatWebServer - Tomcat started on port(s): 8080 (http) with context path ''
2026-01-04 10:42:29.799 [main] INFO  com.fan.fanbook.auth.FanBookAuthApplication - Started FanBookAuthApplication in 1.688 seconds (process running for 2.076)
2026-01-04 10:42:44.810 [SpringApplicationShutdownHook] INFO  com.alibaba.druid.pool.DruidDataSource - {dataSource-1} closing ...
2026-01-04 10:42:44.813 [SpringApplicationShutdownHook] INFO  com.alibaba.druid.pool.DruidDataSource - {dataSource-1} closed
2026-01-04 10:44:14.591 [main] INFO  com.fan.fanbook.auth.FanBookAuthApplication - Starting FanBookAuthApplication using Java 17.0.17 with PID 53100 (C:\Users\17355\Desktop\ai_p\Practice_HF\FanBook\FanBook-auth\target\classes started by 17355 in C:\Users\17355\Desktop\ai_p\Practice_HF\FanBook)
2026-01-04 10:44:14.591 [main] INFO  com.fan.fanbook.auth.FanBookAuthApplication - Starting FanBookAuthApplication using Java 17.0.17 with PID 53100 (C:\Users\17355\Desktop\ai_p\Practice_HF\FanBook\FanBook-auth\target\classes started by 17355 in C:\Users\17355\Desktop\ai_p\Practice_HF\FanBook)
2026-01-04 10:44:14.594 [main] INFO  com.fan.fanbook.auth.FanBookAuthApplication - The following 1 profile is active: "dev"
2026-01-04 10:44:14.594 [main] INFO  com.fan.fanbook.auth.FanBookAuthApplication - The following 1 profile is active: "dev"
2026-01-04 10:44:15.181 [main] INFO  o.s.boot.web.embedded.tomcat.TomcatWebServer - Tomcat initialized with port(s): 8080 (http)
2026-01-04 10:44:15.181 [main] INFO  o.s.boot.web.embedded.tomcat.TomcatWebServer - Tomcat initialized with port(s): 8080 (http)
2026-01-04 10:44:15.186 [main] INFO  org.apache.catalina.core.StandardService - Starting service [Tomcat]
2026-01-04 10:44:15.186 [main] INFO  org.apache.catalina.core.StandardService - Starting service [Tomcat]
2026-01-04 10:44:15.186 [main] INFO  org.apache.catalina.core.StandardEngine - Starting Servlet engine: [Apache Tomcat/10.1.5]
2026-01-04 10:44:15.186 [main] INFO  org.apache.catalina.core.StandardEngine - Starting Servlet engine: [Apache Tomcat/10.1.5]
2026-01-04 10:44:15.224 [main] INFO  o.a.c.core.ContainerBase.[Tomcat].[localhost].[/] - Initializing Spring embedded WebApplicationContext
2026-01-04 10:44:15.224 [main] INFO  o.a.c.core.ContainerBase.[Tomcat].[localhost].[/] - Initializing Spring embedded WebApplicationContext
2026-01-04 10:44:15.225 [main] INFO  o.s.b.w.s.c.ServletWebServerApplicationContext - Root WebApplicationContext: initialization completed in 600 ms
2026-01-04 10:44:15.225 [main] INFO  o.s.b.w.s.c.ServletWebServerApplicationContext - Root WebApplicationContext: initialization completed in 600 ms
2026-01-04 10:44:15.398 [main] INFO  c.a.d.s.b.a.DruidDataSourceAutoConfigure - Init DruidDataSource
2026-01-04 10:44:15.398 [main] INFO  c.a.d.s.b.a.DruidDataSourceAutoConfigure - Init DruidDataSource
2026-01-04 10:44:15.531 [main] INFO  com.alibaba.druid.pool.DruidDataSource - {dataSource-1} inited
2026-01-04 10:44:15.531 [main] INFO  com.alibaba.druid.pool.DruidDataSource - {dataSource-1} inited
2026-01-04 10:44:15.683 [main] INFO  o.s.boot.web.embedded.tomcat.TomcatWebServer - Tomcat started on port(s): 8080 (http) with context path ''
2026-01-04 10:44:15.683 [main] INFO  o.s.boot.web.embedded.tomcat.TomcatWebServer - Tomcat started on port(s): 8080 (http) with context path ''
2026-01-04 10:44:15.687 [main] INFO  com.fan.fanbook.auth.FanBookAuthApplication - Started FanBookAuthApplication in 1.448 seconds (process running for 1.767)
2026-01-04 10:44:15.687 [main] INFO  com.fan.fanbook.auth.FanBookAuthApplication - Started FanBookAuthApplication in 1.448 seconds (process running for 1.767)
2026-01-04 10:44:24.413 [SpringApplicationShutdownHook] INFO  com.alibaba.druid.pool.DruidDataSource - {dataSource-1} closing ...
2026-01-04 10:44:24.413 [SpringApplicationShutdownHook] INFO  com.alibaba.druid.pool.DruidDataSource - {dataSource-1} closing ...
2026-01-04 10:44:24.418 [SpringApplicationShutdownHook] INFO  com.alibaba.druid.pool.DruidDataSource - {dataSource-1} closed
2026-01-04 10:44:24.418 [SpringApplicationShutdownHook] INFO  com.alibaba.druid.pool.DruidDataSource - {dataSource-1} closed
